check 0 10 14 5 1 colorable 7
check 1 10 14 5 1 colorable 5
check 2 10 14 5 1 colorable 5
check 3 10 14 5 1 colorable 5
check 4 10 14 5 1 colorable 6
check 5 10 14 5 1 colorable 5
check 6 10 14 5 1 colorable 7
check 7 10 14 5 1 colorable 5
check 8 10 14 5 1 colorable 5
check 9 10 14 4 1 colorable 6
check 10 10 14 5 1 colorable 5
check 11 10 14 4 1 colorable 6
check 12 10 14 4 1 colorable 6
check 13 10 14 5 1 colorable 6
check 14 10 14 5 1 colorable 5
check 15 10 14 5 1 colorable 7
check 16 10 14 5 1 colorable 6
check 17 10 14 5 1 colorable 6
check 18 10 14 5 1 colorable 6
check 19 10 14 5 1 colorable 6
check 20 10 14 5 1 colorable 5
check 21 10 14 5 1 colorable 6
check 22 10 14 5 1 colorable 6
check 23 10 14 5 1 colorable 6
check 24 10 14 5 1 colorable 5
check 25 10 14 4 1 colorable 5
check 26 10 14 4 1 colorable 4
check 27 10 14 4 1 colorable 6
check 28 10 14 4 1 colorable 5
check 29 10 14 4 1 colorable 8
check 30 10 14 4 1 colorable 5
check 31 10 14 4 1 colorable 8
check 32 10 14 5 1 colorable 5
check 33 10 14 5 1 colorable 6
check 34 10 14 5 1 colorable 6
check 35 10 14 5 1 colorable 6
check 36 10 14 5 1 colorable 6
check 37 10 14 5 1 colorable 6
check 38 10 14 5 1 colorable 5
check 39 10 14 5 1 colorable 5
check 40 10 14 5 1 colorable 6
check 41 10 14 5 1 colorable 6
check 42 10 14 5 1 colorable 6
check 43 10 14 5 1 colorable 5
check 44 10 14 5 1 colorable 7
check 45 10 14 5 1 colorable 6
check 46 10 14 5 1 colorable 6
check 47 10 14 5 1 colorable 5
check 48 10 14 5 1 colorable 5
check 49 10 14 5 1 colorable 7
check 50 10 14 5 1 colorable 6
check 51 10 14 4 1 colorable 5
check 52 10 14 5 1 colorable 7
check 53 10 14 5 1 colorable 7
check 54 10 14 4 1 colorable 7
check 55 10 14 5 1 colorable 7
check 56 10 14 4 1 colorable 7
check 57 10 14 4 1 colorable 9
check 58 10 14 5 1 colorable 8
check 59 10 14 5 1 colorable 5
check 60 10 14 5 1 colorable 7
check 61 10 14 5 1 colorable 6
check 62 10 14 4 1 colorable 6
check 63 10 14 5 1 colorable 6
check 64 10 14 5 1 colorable 7
check 65 10 14 5 1 colorable 6
check 66 10 14 4 1 colorable 5
check 67 10 14 5 1 colorable 7
check 68 10 14 4 1 colorable 5
check 69 10 14 4 1 colorable 8
check 70 10 14 5 1 colorable 5
check 71 10 14 5 1 colorable 5
check 72 10 14 5 1 colorable 7
check 73 10 14 5 1 colorable 5
check 74 10 14 5 1 colorable 5
check 75 10 14 5 1 colorable 5
check 76 10 14 4 1 colorable 5
check 77 10 14 4 1 colorable 6
check 78 10 14 4 1 colorable 6
check 79 10 14 4 1 colorable 5
check 80 10 14 4 1 colorable 6
check 81 10 14 4 1 colorable 6
check 82 10 14 4 1 colorable 5
check 83 10 14 4 1 colorable 5
check 84 10 14 4 1 colorable 6
check 85 10 14 4 1 colorable 5
check 86 10 14 5 1 colorable 6
check 87 10 14 5 1 colorable 7
check 88 10 14 4 1 colorable 6
check 89 10 14 4 1 colorable 7
check 90 10 14 4 1 colorable 5
check 91 10 14 4 1 colorable 5
check 92 10 14 4 1 colorable 5
check 93 10 14 4 1 colorable 5
check 94 10 14 4 1 colorable 8
check 95 10 14 5 1 colorable 7
check 96 10 14 5 1 colorable 6
check 97 10 14 5 1 colorable 5
check 98 10 14 5 1 colorable 5
check 99 10 14 5 1 colorable 7
check 100 10 14 5 1 colorable 5
check 101 10 14 5 1 colorable 6
check 102 10 14 5 1 colorable 5
check 103 10 14 5 1 colorable 6
check 104 10 14 5 1 colorable 5
check 105 10 14 5 1 colorable 5
check 106 10 14 5 1 colorable 6
check 107 10 14 5 1 colorable 5
check 108 10 14 5 1 colorable 6
check 109 10 14 5 1 colorable 5
check 110 10 14 5 1 colorable 6
check 111 10 14 4 1 colorable 6
check 112 10 14 4 1 colorable 5
check 113 10 14 4 1 colorable 5
check 114 10 14 4 1 colorable 6
check 115 10 14 4 1 colorable 6
check 116 10 14 4 1 colorable 6
check 117 10 14 4 1 colorable 9
check 118 10 14 5 1 colorable 6
check 119 10 14 5 1 colorable 6
check 120 10 14 5 1 colorable 6
check 121 10 14 5 1 colorable 5
check 122 10 14 5 1 colorable 5
check 123 10 14 4 1 colorable 5
check 124 10 14 4 1 colorable 6
check 125 10 14 4 1 colorable 5
check 126 10 14 4 1 colorable 6
check 127 10 14 4 1 colorable 4
check 128 10 14 4 1 colorable 5
check 129 10 14 4 1 colorable 6
check 130 10 14 4 1 colorable 6
check 131 10 14 4 1 colorable 6
check 132 10 14 4 1 colorable 4
check 133 10 14 4 1 colorable 5
check 134 10 14 4 1 colorable 6
check 135 10 14 4 1 colorable 6
check 136 10 14 4 1 colorable 5
check 137 10 14 5 1 colorable 6
check 138 10 14 5 1 colorable 5
check 139 10 14 5 1 colorable 5
check 140 10 14 5 1 colorable 6
check 141 10 14 5 1 colorable 6
check 142 10 14 5 1 colorable 5
check 143 10 14 4 1 colorable 5
check 144 10 14 4 1 colorable 8
check 145 10 14 4 1 colorable 6
check 146 10 14 4 1 colorable 5
check 147 10 14 4 1 colorable 6
check 148 10 14 4 1 colorable 5
check 149 10 14 4 1 colorable 5
check 150 10 14 4 1 colorable 5
check 151 10 14 4 1 colorable 6
check 152 10 14 5 1 colorable 5
check 153 10 14 5 1 colorable 5
check 154 10 14 5 1 colorable 5
check 155 10 14 4 1 colorable 6
check 156 10 14 4 1 colorable 5
check 157 10 14 4 1 colorable 5
check 158 10 14 4 1 colorable 6
check 159 10 14 4 1 colorable 5
check 160 10 14 4 1 colorable 6
check 161 10 14 4 1 colorable 6
check 162 10 14 4 1 colorable 4
check 163 10 14 5 1 colorable 6
check 164 10 14 5 1 colorable 5
check 165 10 14 5 1 colorable 5
check 166 10 14 5 1 colorable 5
check 167 10 14 5 1 colorable 5
check 168 10 14 4 1 colorable 6
check 169 10 14 4 1 colorable 5
check 170 10 14 4 1 colorable 6
check 171 10 14 4 1 colorable 5
check 172 10 14 4 1 colorable 4
check 173 10 14 4 1 colorable 6
check 174 10 14 4 1 colorable 6
check 175 10 14 4 1 colorable 6
check 176 10 14 4 1 colorable 5
check 177 10 14 4 1 colorable 5
check 178 10 14 5 1 colorable 6
check 179 10 14 4 1 colorable 6
check 180 10 14 5 1 colorable 7
check 181 10 14 5 1 colorable 5
check 182 10 14 4 1 colorable 6
check 183 10 14 4 1 colorable 5
check 184 10 14 4 1 colorable 6
check 185 10 14 4 1 colorable 4
check 186 10 14 4 1 colorable 6
check 187 10 14 5 1 colorable 6
check 188 10 14 5 1 colorable 6
check 189 10 14 5 1 colorable 5
check 190 10 14 4 1 colorable 6
check 191 10 14 5 1 colorable 6
check 192 10 14 4 1 colorable 5
check 193 10 14 4 1 colorable 7
check 194 10 14 4 1 colorable 5
check 195 10 14 4 1 colorable 5
check 196 10 14 5 1 colorable 6
check 197 10 14 5 1 colorable 5
check 198 10 14 4 1 colorable 6
check 199 10 14 5 1 colorable 6
check 200 10 14 5 1 colorable 5
check 201 10 14 4 1 colorable 5
check 202 10 14 4 1 colorable 4
check 203 10 14 4 1 colorable 6
check 204 10 14 4 1 colorable 6
check 205 10 14 4 1 colorable 5
check 206 10 14 4 1 colorable 4
check 207 10 14 4 1 colorable 6
check 208 10 14 4 1 colorable 5
check 209 10 14 4 1 colorable 6
check 210 10 14 4 1 colorable 6
check 211 10 14 4 1 colorable 5
check 212 10 14 4 1 colorable 4
check 213 10 14 4 1 colorable 4
check 214 10 14 4 1 colorable 5
check 215 10 14 4 1 colorable 7
check 216 10 14 4 1 colorable 7
check 217 10 14 4 1 colorable 5
check 218 10 14 4 1 colorable 4
check 219 10 14 4 1 colorable 6
check 220 10 14 4 1 colorable 5
check 221 10 14 4 1 colorable 5
check 222 10 14 4 1 colorable 6
check 223 10 14 4 1 colorable 5
check 224 10 14 4 1 colorable 5
check 225 10 14 4 1 colorable 6
check 226 10 14 4 1 colorable 6
check 227 10 14 4 1 colorable 5
check 228 10 14 4 1 colorable 5
check 229 10 14 4 1 colorable 4
check 230 10 14 4 1 colorable 5
check 231 10 14 4 1 colorable 6
check 232 10 14 4 1 colorable 5
check 233 10 14 4 1 colorable 4
check 234 10 14 4 1 colorable 7
check 235 10 14 4 1 colorable 4
check 236 10 14 4 1 colorable 6
check 237 10 14 4 1 colorable 5
check 238 10 14 4 1 colorable 5
check 239 10 14 4 1 colorable 5
check 240 10 14 4 1 colorable 5
check 241 10 14 4 1 colorable 5
check 242 10 14 5 1 colorable 6
check 243 10 14 5 1 colorable 7
check 244 10 14 5 2 colorable 7
check 245 10 14 5 1 colorable 6
check 246 10 14 5 1 colorable 5
check 247 10 14 5 2 colorable 6
check 248 10 14 4 2 colorable 5
check 249 10 14 5 1 colorable 7
check 250 10 14 5 1 colorable 7
check 251 10 14 5 2 colorable 6
check 252 10 14 5 2 colorable 6
check 253 10 14 5 2 colorable 8
check 254 10 14 4 1 colorable 5
check 255 10 14 4 1 colorable 6
check 256 10 14 4 1 colorable 6
check 257 10 14 4 2 colorable 6
check 258 10 14 4 2 colorable 6
check 259 10 14 4 2 colorable 7
check 260 10 14 4 2 colorable 6
check 261 10 14 5 1 colorable 6
check 262 10 14 5 1 colorable 8
check 263 10 14 5 1 colorable 6
check 264 10 14 5 1 colorable 6
check 265 10 14 5 1 colorable 5
check 266 10 14 5 1 colorable 6
check 267 10 14 5 2 colorable 6
check 268 10 14 4 2 colorable 7
check 269 10 14 5 1 colorable 6
check 270 10 14 5 1 colorable 5
check 271 10 14 5 1 colorable 6
check 272 10 14 4 1 colorable 6
check 273 10 14 5 1 colorable 5
check 274 10 14 5 1 colorable 7
check 275 10 14 4 1 colorable 6
check 276 10 14 4 1 colorable 5
check 277 10 14 4 1 colorable 6
check 278 10 14 5 1 colorable 5
check 279 10 14 5 2 colorable 5
check 280 10 14 5 2 colorable 5
check 281 10 14 4 2 colorable 5
check 282 10 14 4 1 colorable 5
check 283 10 14 4 2 colorable 6
check 284 10 14 4 2 colorable 6
check 285 10 14 4 1 colorable 5
check 286 10 14 4 2 colorable 7
check 287 10 14 4 2 colorable 5
check 288 10 14 4 2 colorable 4
check 289 10 14 4 1 colorable 6
check 290 10 14 4 2 colorable 6
check 291 10 14 4 2 colorable 4
check 292 10 14 4 2 colorable 4
check 293 10 14 4 2 colorable 5
check 294 10 14 5 1 colorable 6
check 295 10 14 5 1 colorable 5
check 296 10 14 5 1 colorable 5
check 297 10 14 5 1 colorable 5
check 298 10 14 5 2 colorable 6
check 299 10 14 5 2 colorable 6
check 300 10 14 5 2 colorable 5
check 301 10 14 5 1 colorable 5
check 302 10 14 5 1 colorable 7
check 303 10 14 5 1 colorable 5
check 304 10 14 4 1 colorable 4
check 305 10 14 5 1 colorable 6
check 306 10 14 5 2 colorable 5
check 307 10 14 4 2 colorable 7
check 308 10 14 5 2 colorable 6
check 309 10 14 4 2 colorable 6
check 310 10 14 4 2 colorable 5
check 311 10 14 5 1 colorable 5
check 312 10 14 5 1 colorable 6
check 313 10 14 5 2 colorable 7
check 314 10 14 4 1 colorable 6
check 315 10 14 4 1 colorable 5
check 316 10 14 4 2 colorable 5
check 317 10 14 4 2 colorable 7
check 318 10 14 5 1 colorable 6
check 319 10 14 5 1 colorable 6
check 320 10 14 5 2 colorable 5
check 321 10 14 5 2 colorable 5
check 322 10 14 5 1 colorable 7
check 323 10 14 4 1 colorable 4
check 324 10 14 5 1 colorable 6
check 325 10 14 5 2 colorable 5
check 326 10 14 4 2 colorable 5
check 327 10 14 4 2 colorable 5
check 328 10 14 5 1 colorable 6
check 329 10 14 5 1 colorable 7
check 330 10 14 5 2 colorable 6
check 331 10 14 5 2 colorable 6
check 332 10 14 5 2 colorable 7
check 333 10 14 5 2 colorable 6
check 334 10 14 4 1 colorable 5
check 335 10 14 4 1 colorable 5
check 336 10 14 4 1 colorable 5
check 337 10 14 4 2 colorable 6
check 338 10 14 4 2 colorable 5
check 339 10 14 4 2 colorable 6
check 340 10 14 4 2 colorable 5
check 341 10 14 4 2 colorable 6
check 342 10 14 5 2 colorable 7
check 343 10 14 5 2 colorable 7
check 344 10 14 5 2 colorable 6
check 345 10 14 5 2 colorable 5
check 346 10 14 5 2 colorable 6
check 347 10 14 4 1 colorable 5
check 348 10 14 4 2 colorable 5
check 349 10 14 4 2 colorable 5
check 350 10 14 4 2 colorable 5
check 351 10 14 4 1 colorable 5
check 352 10 14 4 2 colorable 7
check 353 10 14 4 2 colorable 6
check 354 10 14 4 2 colorable 6
check 355 10 14 5 1 colorable 5
check 356 10 14 4 1 colorable 7
check 357 10 14 4 1 colorable 6
check 358 10 14 4 2 colorable 6
check 359 10 14 4 2 colorable 4
check 360 10 14 4 2 colorable 5
check 361 10 14 5 1 colorable 7
check 362 10 14 5 1 colorable 6
check 363 10 14 5 1 colorable 6
check 364 10 14 4 1 colorable 5
check 365 10 14 5 1 colorable 7
check 366 10 14 5 1 colorable 6
check 367 10 14 5 1 colorable 6
check 368 10 14 4 1 colorable 6
check 369 10 14 5 1 colorable 6
check 370 10 14 5 1 colorable 6
check 371 10 14 4 1 colorable 5
check 372 10 14 5 1 colorable 5
check 373 10 14 5 1 colorable 5
check 374 10 14 5 2 colorable 6
check 375 10 14 4 2 colorable 6
check 376 10 14 5 1 colorable 6
check 377 10 14 5 2 colorable 5
check 378 10 14 4 2 colorable 7
check 379 10 14 5 1 colorable 6
check 380 10 14 5 2 colorable 5
check 381 10 14 5 1 colorable 5
check 382 10 14 5 2 colorable 5
check 383 10 14 4 2 colorable 5
check 384 10 14 4 1 colorable 6
check 385 10 14 4 2 colorable 5
check 386 10 14 4 1 colorable 6
check 387 10 14 4 2 colorable 6
check 388 10 14 4 2 colorable 5
check 389 10 14 4 1 colorable 4
check 390 10 14 4 2 colorable 6
check 391 10 14 4 2 colorable 5
check 392 10 14 4 2 colorable 6
check 393 10 14 4 2 colorable 5
check 394 10 14 4 1 colorable 5
check 395 10 14 4 1 colorable 6
check 396 10 14 4 1 colorable 5
check 397 10 14 4 1 colorable 5
check 398 10 14 4 1 colorable 6
check 399 10 14 4 1 colorable 5
check 400 10 14 4 1 colorable 4
check 401 10 14 4 1 colorable 6
check 402 10 14 4 1 colorable 5
check 403 10 14 4 1 colorable 6
check 404 10 14 4 1 colorable 6
check 405 10 14 4 1 colorable 5
check 406 10 14 4 2 colorable 5
check 407 10 14 4 2 colorable 5
check 408 10 14 4 2 colorable 5
check 409 10 14 4 1 colorable 5
check 410 10 14 4 2 colorable 6
check 411 10 14 4 2 colorable 5
check 412 10 14 4 1 colorable 5
check 413 10 14 4 2 colorable 6
check 414 10 14 4 2 colorable 5
check 415 10 14 4 2 colorable 4
check 416 10 14 4 2 colorable 5
check 417 10 14 5 1 colorable 6
check 418 10 14 5 2 colorable 6
check 419 10 14 4 2 colorable 7
check 420 10 14 4 1 colorable 6
check 421 10 14 4 2 colorable 6
check 422 10 14 4 2 colorable 5
check 423 10 14 4 2 colorable 6
check 424 10 14 5 2 colorable 5
check 425 10 14 5 1 colorable 7
check 426 10 14 4 2 colorable 6
check 427 10 14 4 2 colorable 6
check 428 10 14 4 1 colorable 6
check 429 10 14 4 2 colorable 4
check 430 10 14 4 2 colorable 5
check 431 10 14 4 2 colorable 5
check 432 10 14 4 1 colorable 6
check 433 10 14 4 2 colorable 5
check 434 10 14 4 2 colorable 4
check 435 10 14 4 2 colorable 5
check 436 10 14 4 2 colorable 5
check 437 10 14 4 2 colorable 5
check 438 10 14 4 1 colorable 7
check 439 10 14 4 1 colorable 5
check 440 10 14 4 1 colorable 7
check 441 10 14 4 1 colorable 5
check 442 10 14 4 1 colorable 5
check 443 10 14 4 1 colorable 5
check 444 10 14 4 1 colorable 5
check 445 10 14 4 1 colorable 7
check 446 10 14 4 1 colorable 6
check 447 10 14 4 2 colorable 6
check 448 10 14 4 2 colorable 5
check 449 10 14 4 1 colorable 6
check 450 10 14 4 1 colorable 5
check 451 10 14 4 2 colorable 5
check 452 10 14 4 2 colorable 7
check 453 10 14 4 2 colorable 6
check 454 10 14 4 1 colorable 5
check 455 10 14 4 2 colorable 5
check 456 10 14 4 2 colorable 4
check 457 10 14 4 2 colorable 6
check 458 10 14 4 2 colorable 5
check 459 10 14 4 1 colorable 5
check 460 10 14 4 2 colorable 4
check 461 10 14 4 2 colorable 4
check 462 10 14 4 2 colorable 5
check 463 10 14 4 1 colorable 5
check 464 10 14 4 2 colorable 5
check 465 10 14 4 2 colorable 6
check 466 10 14 4 2 colorable 5
check 467 10 14 4 2 colorable 6
check 468 10 14 4 2 colorable 6
check 469 10 14 4 1 colorable 4
check 470 10 14 4 2 colorable 4
check 471 10 14 4 2 colorable 7
check 472 10 14 4 2 colorable 5
check 473 10 14 4 2 colorable 5
check 474 10 14 4 1 colorable 8
check 475 10 14 4 2 colorable 5
check 476 10 14 4 2 colorable 5
check 477 10 14 4 1 colorable 4
check 478 10 14 4 2 colorable 6
check 479 10 14 4 2 colorable 5
check 480 10 14 4 2 colorable 5
check 481 10 14 4 2 colorable 4
check 482 10 14 5 1 colorable 6
check 483 10 14 4 1 colorable 5
check 484 10 14 5 2 colorable 6
check 485 10 14 4 2 colorable 5
check 486 10 14 4 2 colorable 4
check 487 10 14 4 2 colorable 4
check 488 10 14 5 1 colorable 6
check 489 10 14 5 1 colorable 5
check 490 10 14 4 1 colorable 5
check 491 10 14 5 1 colorable 5
check 492 10 14 5 1 colorable 6
check 493 10 14 4 1 colorable 6
check 494 10 14 4 1 colorable 5
check 495 10 14 4 2 colorable 5
check 496 10 14 4 2 colorable 5
check 497 10 14 4 2 colorable 7
check 498 10 14 4 2 colorable 5
check 499 10 14 3 2 colorable 5
check 500 10 14 3 2 colorable 4
check 501 10 14 5 1 colorable 5
check 502 10 14 5 1 colorable 5
check 503 10 14 4 1 colorable 6
check 504 10 14 5 1 colorable 5
check 505 10 14 4 1 colorable 6
check 506 10 14 4 1 colorable 8
check 507 10 14 5 2 colorable 5
check 508 10 14 4 2 colorable 6
check 509 10 14 4 2 colorable 5
check 510 10 14 5 2 colorable 5
check 511 10 14 4 2 colorable 5
check 512 10 14 4 2 colorable 6
check 513 10 14 4 2 colorable 5
check 514 10 14 4 2 colorable 4
check 515 10 14 3 2 colorable 4
check 516 10 14 4 2 colorable 5
check 517 10 14 5 1 colorable 6
check 518 10 14 5 1 colorable 5
check 519 10 14 4 1 colorable 7
check 520 10 14 5 1 colorable 6
check 521 10 14 4 1 colorable 5
check 522 10 14 4 1 colorable 8
check 523 10 14 5 1 colorable 5
check 524 10 14 5 1 colorable 6
check 525 10 14 4 1 colorable 6
check 526 10 14 4 1 colorable 6
check 527 10 14 4 1 colorable 5
check 528 10 14 4 1 colorable 6
check 529 10 14 4 1 colorable 5
check 530 10 14 4 1 colorable 6
check 531 10 14 4 2 colorable 5
check 532 10 14 3 2 colorable 6
check 533 10 14 4 2 colorable 5
check 534 10 14 4 2 colorable 5
check 535 10 14 4 1 colorable 6
check 536 10 14 4 1 colorable 6
check 537 10 14 4 1 colorable 6
check 538 10 14 4 1 colorable 4
check 539 10 14 4 1 colorable 7
check 540 10 14 5 2 colorable 5
check 541 10 14 5 1 colorable 6
check 542 10 14 4 2 colorable 6
check 543 10 14 4 2 colorable 4
check 544 10 14 4 1 colorable 5
check 545 10 14 4 2 colorable 6
check 546 10 14 4 2 colorable 5
check 547 10 14 3 2 colorable 6
check 548 10 14 5 1 colorable 5
check 549 10 14 4 1 colorable 6
check 550 10 14 3 2 colorable 5
check 551 10 14 4 1 colorable 6
check 552 10 14 4 2 colorable 4
check 553 10 14 4 2 colorable 5
check 554 10 14 3 2 colorable 5
check 555 10 14 4 2 colorable 5
check 556 10 14 4 1 colorable 5
check 557 10 14 4 2 colorable 5
checked 558 negative 0
